// Jest Snapshot v1, https://goo.gl/fbAQLP

exports[`Testing a Details page 1`] = `
<div>
  <center
    style={
      Object {
        "paddingTop": "10%",
      }
    }
  >
    <img
      alt="Loading..."
      className="loadingLogo"
      src="loading_logo.png"
      style={
        Object {
          "height": "20%",
          "width": "20%",
        }
      }
    />
    <h1>
      Loading...
    </h1>
  </center>
</div>
`;
